COMMAND ["/tmp/nerva-pr-python-20261001/bin/python", "-B", "-m", "pytest", "tests/test_h277_video_boundaries.py::test_handler_rejects_canonical_kind_with_wrong_video_target", "-q", "--junitxml=/Users/andrei649/Projects/nerva-pr-worktrees/integration/docs/hermes/evidence/h277-video-mutations-verified-2026-10-02/junit/canonical_target_ignored.xml"]
F                                                                        [100%]
=================================== FAILURES ===================================
_________ test_handler_rejects_canonical_kind_with_wrong_video_target __________

rig = namespace(tmp=PosixPath('/private/var/folders/bl/8g1pgncn40x3g7d5d12zmt_m0000gn/T/pytest-of-andrei649/pytest-730/test_.../test_handler_rejects_canonical0/clip.mp4'), requests=[<Request('POST', 'http://127.0.0.1:1234/v1/chat/completions')>])

    @pytest.mark.asyncio
    async def test_handler_rejects_canonical_kind_with_wrong_video_target(rig):
        args = rig.video.preflight({"video_url": str(rig.source), "question": "What happens?"})
        task = SimpleNamespace(kind="tool.rpc", id=1, agent="jarvis", payload={
            "tool": "video_analyze", "target": "other_tool", "args": args,
            "class": rig.video.classifier(args)["class"],
        })
        rig.video.approved_task = lambda: task
        rig.video.execution_check = lambda presented: presented is task
        rig.video.kernel_check = lambda args, presented: None
        result = await rig.video.execute(args)
>       assert result["ok"] is False
E       assert True is False

tests/test_h277_video_boundaries.py:178: AssertionError
=========================== short test summary info ============================
FAILED tests/test_h277_video_boundaries.py::test_handler_rejects_canonical_kind_with_wrong_video_target
