COMMAND ["/tmp/nerva-pr-python-20261001/bin/python", "-B", "-m", "pytest", "tests/test_h277_video_analysis.py::test_video_handler_refuses_noncanonical_task_even_if_context_is_trusted", "-q", "--junitxml=/Users/andrei649/Projects/nerva-pr-worktrees/integration/docs/hermes/evidence/h277-video-mutations-verified-2026-10-02/junit/canonical_kind_ignored.xml"]
F                                                                        [100%]
=================================== FAILURES ===================================
___ test_video_handler_refuses_noncanonical_task_even_if_context_is_trusted ____

rig = namespace(tmp=PosixPath('/private/var/folders/bl/8g1pgncn40x3g7d5d12zmt_m0000gn/T/pytest-of-andrei649/pytest-729/test_.../test_video_handler_refuses_non0/clip.mp4'), requests=[<Request('POST', 'http://127.0.0.1:1234/v1/chat/completions')>])

    @pytest.mark.asyncio
    async def test_video_handler_refuses_noncanonical_task_even_if_context_is_trusted(rig):
        args = rig.video.preflight({"video_url": str(rig.source), "question": "What happens?"})
        task = SimpleNamespace(kind="toolrpc.terminal_run", agent="jarvis", payload={
            "tool": "video_analyze", "target": "video_analyze", "args": args,
            "class": rig.video.classifier(args)["class"],
        })
        rig.video.approved_task = lambda: task
        rig.video.execution_check = lambda task: True
        rig.video.kernel_check = lambda args, task: None
        result = await rig.video.execute(args)
>       assert result["ok"] is False
E       assert True is False

tests/test_h277_video_analysis.py:34: AssertionError
=========================== short test summary info ============================
FAILED tests/test_h277_video_analysis.py::test_video_handler_refuses_noncanonical_task_even_if_context_is_trusted
