COMMAND ["/tmp/nerva-pr-python-20261001/bin/python", "-B", "-m", "pytest", "tests/test_h277_video_analysis.py::test_role_revoked_at_physical_source_get_blocks_model", "-q", "--junitxml=/Users/andrei649/Projects/nerva-pr-worktrees/integration/docs/hermes/evidence/h277-video-mutations-verified-2026-10-02/junit/source_physical_recheck_removed.xml"]
F                                                                        [100%]
=================================== FAILURES ===================================
____________ test_role_revoked_at_physical_source_get_blocks_model _____________

rig = namespace(tmp=PosixPath('/private/var/folders/bl/8g1pgncn40x3g7d5d12zmt_m0000gn/T/pytest-of-andrei649/pytest-747/test_...g1pgncn40x3g7d5d12zmt_m0000gn/T/pytest-of-andrei649/pytest-747/test_role_revoked_at_physical_0/clip.mp4'), requests=[])
monkeypatch = <_pytest.monkeypatch.MonkeyPatch object at 0x10b9a7dd0>

    @pytest.mark.asyncio
    async def test_role_revoked_at_physical_source_get_blocks_model(rig, monkeypatch):
        from agents.core.video_analysis import VideoHTTPClient

        proposal = await rig.orch.tool_rpc.handle({"tool": "video_analyze", "args": {
            "video_url": "https://video.example/clip.mp4", "question": "What happens?"}})
        await rig.worker.apply_decision(proposal["task_id"], "accept", decided_by="andrei")
        sent = []

        def factory(plugin, **kw):
            client = VideoHTTPClient(plugin, resolver=lambda host, mode: (["8.8.8.8"], None),
                                     transport_factory=lambda target: httpx.MockTransport(
                                         lambda request: (sent.append(request) or httpx.Response(200, content=b"clip"))),
                                     **kw)
            pinned = client._pinned_client

            def revoke_before_send(target):
                physical = pinned(target)

                async def revoke(_request):
                    monkeypatch.setenv("JARVIS_ROLE_VIDEO_MODEL", "revoked-model")

                physical.event_hooks["request"].insert(0, revoke)
                return physical

            client._pinned_client = revoke_before_send
            return client

        rig.video.source_client_factory = factory
        await rig.worker.tick()
>       assert sent == [] and rig.requests == []
E       AssertionError: assert ([<Request('GE...8/clip.mp4')>] == []
E
E         Left contains one more item: <Request('GET', 'https://8.8.8.8/clip.mp4')>
E         Use -v to get more diff)

tests/test_h277_video_analysis.py:315: AssertionError
=========================== short test summary info ============================
FAILED tests/test_h277_video_analysis.py::test_role_revoked_at_physical_source_get_blocks_model
