
> nerva-hud@0.0.0 build
> vite build

vite v8.3.1 building client environment for production...
transforming...
✓ 139 modules transformed.
rendering chunks...
computing gzip size...
../agents/web/v2/index.html                                        1.48 kB │ gzip:   0.79 kB
../agents/web/v2/assets/space-grotesk-latin-var-BhU9QXUp.woff2    22.28 kB
../agents/web/v2/assets/jetbrains-mono-latin-var-B9CIFXIH.woff2   40.40 kB
../agents/web/v2/assets/gap-Crl5de4H.css                           8.40 kB │ gzip:   2.42 kB
../agents/web/v2/assets/index-teqkDIsI.css                        71.42 kB │ gzip:  13.85 kB
../agents/web/v2/assets/soul-edit-BcaRddJT.js                      3.47 kB │ gzip:   1.58 kB
../agents/web/v2/assets/panel-kit-CwyHgGr0.js                      3.95 kB │ gzip:   1.60 kB
../agents/web/v2/assets/modes4-Dseq7PPV.js                         8.17 kB │ gzip:   2.23 kB
../agents/web/v2/assets/modes_world-DKUcl9R7.js                   11.72 kB │ gzip:   3.82 kB
../agents/web/v2/assets/client-D7Azo9Vs.js                        12.30 kB │ gzip:   4.68 kB
../agents/web/v2/assets/modes3-D8It4SN1.js                        13.15 kB │ gzip:   4.01 kB
../agents/web/v2/assets/modes-CyfcHiSq.js                         22.55 kB │ gzip:   6.45 kB
../agents/web/v2/assets/modes2-Cm3D_f1v.js                        24.56 kB │ gzip:   6.96 kB
../agents/web/v2/assets/jobs-vYmczPrq.js                          29.84 kB │ gzip:   9.55 kB
../agents/web/v2/assets/index-C7qGXyZP.js                        467.91 kB │ gzip: 149.71 kB
../agents/web/v2/assets/gap-D3oFvel3.js                          639.13 kB │ gzip: 173.90 kB

✓ built in 204ms
[plugin builtin:vite-reporter] 
(!) Some chunks are larger than 500 kB after minification. Consider:
- Using dynamic import() to code-split the application
- Use build.rolldownOptions.output.codeSplitting to improve chunking: https://rolldown.rs/reference/OutputOptions.codeSplitting
- Adjust chunk size limit for this warning via build.chunkSizeWarningLimit.
