FFFFFFFF                                                                 [100%]
=================================== FAILURES ===================================
_______ test_fresh_runtime_resumes_stranded_job_with_no_generation_post ________
tests/test_cloud_image_krea_resume.py:63: in test_fresh_runtime_resumes_stranded_job_with_no_generation_post
    assert runtime.project(providers.queue.get(source_id)).resume_available is True
           ^^^^^^^^^^^^^^^^^^^^^^^^^^^^^^^^^^^^^^^^^^^^^^^^^^^^^^^^^^^^^^^^
../../nerva-hub/.venv/lib/python3.12/site-packages/pydantic/main.py:1042: in __getattr__
    raise AttributeError(f'{type(self).__name__!r} object has no attribute {item!r}')
E   AttributeError: 'ImageTaskView' object has no attribute 'resume_available'
_____________ test_two_approved_continuations_share_one_completion _____________
tests/test_cloud_image_krea_resume.py:90: in test_two_approved_continuations_share_one_completion
    first = runtime.resume(source_id, "user")
            ^^^^^^^^^^^^^^
E   AttributeError: 'CloudImageRuntime' object has no attribute 'resume'
____________ test_resume_rejects_altered_source_before_enqueue[job] ____________
tests/test_cloud_image_krea_resume.py:121: in test_resume_rejects_altered_source_before_enqueue
    runtime.resume(source_id, "user")
    ^^^^^^^^^^^^^^
E   AttributeError: 'CloudImageRuntime' object has no attribute 'resume'
___________ test_resume_rejects_altered_source_before_enqueue[body] ____________
tests/test_cloud_image_krea_resume.py:121: in test_resume_rejects_altered_source_before_enqueue
    runtime.resume(source_id, "user")
    ^^^^^^^^^^^^^^
E   AttributeError: 'CloudImageRuntime' object has no attribute 'resume'
________ test_resume_rejects_altered_source_before_enqueue[credential] _________
tests/test_cloud_image_krea_resume.py:121: in test_resume_rejects_altered_source_before_enqueue
    runtime.resume(source_id, "user")
    ^^^^^^^^^^^^^^
E   AttributeError: 'CloudImageRuntime' object has no attribute 'resume'
_________ test_resume_rejects_altered_source_before_enqueue[approval] __________
tests/test_cloud_image_krea_resume.py:121: in test_resume_rejects_altered_source_before_enqueue
    runtime.resume(source_id, "user")
    ^^^^^^^^^^^^^^
E   AttributeError: 'CloudImageRuntime' object has no attribute 'resume'
___________ test_active_source_lock_refuses_resume_without_blocking ____________
tests/test_cloud_image_krea_resume.py:134: in test_active_source_lock_refuses_resume_without_blocking
    assert runtime.project(source).resume_available is False
           ^^^^^^^^^^^^^^^^^^^^^^^^^^^^^^^^^^^^^^^^
../../nerva-hub/.venv/lib/python3.12/site-packages/pydantic/main.py:1042: in __getattr__
    raise AttributeError(f'{type(self).__name__!r} object has no attribute {item!r}')
E   AttributeError: 'ImageTaskView' object has no attribute 'resume_available'
_____________ test_resume_route_and_registered_tool_queue_get_only _____________
tests/test_cloud_image_krea_resume.py:154: in test_resume_route_and_registered_tool_queue_get_only
    assert response.status_code == 202, response.text
E   AssertionError: {"detail":[{"type":"extra_forbidden","loc":["body","resume_task_id"],"msg":"Extra inputs are not permitted","input":1}]}
E   assert 422 == 202
E    +  where 422 = <Response [422 Unprocessable Entity]>.status_code
=============================== warnings summary ===============================
tests/test_cloud_image_krea_resume.py::test_resume_route_and_registered_tool_queue_get_only
  /Users/andrei649/Projects/nerva-hub/.venv/lib/python3.12/site-packages/fastapi/testclient.py:1: StarletteDeprecationWarning: Using `httpx` with `starlette.testclient` is deprecated; install `httpx2` instead.
    from starlette.testclient import TestClient as TestClient  # noqa

-- Docs: https://docs.pytest.org/en/stable/how-to/capture-warnings.html
=========================== short test summary info ============================
FAILED tests/test_cloud_image_krea_resume.py::test_fresh_runtime_resumes_stranded_job_with_no_generation_post
FAILED tests/test_cloud_image_krea_resume.py::test_two_approved_continuations_share_one_completion
FAILED tests/test_cloud_image_krea_resume.py::test_resume_rejects_altered_source_before_enqueue[job]
FAILED tests/test_cloud_image_krea_resume.py::test_resume_rejects_altered_source_before_enqueue[body]
FAILED tests/test_cloud_image_krea_resume.py::test_resume_rejects_altered_source_before_enqueue[credential]
FAILED tests/test_cloud_image_krea_resume.py::test_resume_rejects_altered_source_before_enqueue[approval]
FAILED tests/test_cloud_image_krea_resume.py::test_active_source_lock_refuses_resume_without_blocking
FAILED tests/test_cloud_image_krea_resume.py::test_resume_route_and_registered_tool_queue_get_only
