F...F..                                                                  [100%]
=================================== FAILURES ===================================
_____ test_xai_default_off_status_has_catalog_without_secret_read_or_http ______
tests/test_cloud_image_xai.py:31: in test_xai_default_off_status_has_catalog_without_secret_read_or_http
    assert manifest.allowed_domains == ["api.x.ai", "imgen.x.ai"]
E   AssertionError: assert ['api.x.ai'] == ['api.x.ai', 'imgen.x.ai']
E     
E     Right contains one more item: 'imgen.x.ai'
E     Use -v to get more diff
_____ test_xai_url_result_download_is_credential_free_and_egress_admitted ______
tests/test_cloud_image_xai.py:137: in test_xai_url_result_download_is_credential_free_and_egress_admitted
    assert xai.queue.get(task_id).result["status"] == "ok"
E   AssertionError: assert 'unknown' == 'ok'
E     
E     - ok
E     + unknown
=============================== warnings summary ===============================
tests/test_cloud_image_xai.py::test_route_selected_xai_2_0_one_post_native_json_and_clean_local_artifact
  /Users/andrei649/Projects/nerva-hub/.venv/lib/python3.12/site-packages/fastapi/testclient.py:1: StarletteDeprecationWarning: Using `httpx` with `starlette.testclient` is deprecated; install `httpx2` instead.
    from starlette.testclient import TestClient as TestClient  # noqa

-- Docs: https://docs.pytest.org/en/stable/how-to/capture-warnings.html
=========================== short test summary info ============================
FAILED tests/test_cloud_image_xai.py::test_xai_default_off_status_has_catalog_without_secret_read_or_http
FAILED tests/test_cloud_image_xai.py::test_xai_url_result_download_is_credential_free_and_egress_admitted
