COMMAND ["/Users/andrei649/Projects/nerva-hub/.venv/bin/python3.12", "-B", "-m", "pytest", "tests/test_h277_approval_judge.py"]
.....................F.................................................. [ 43%]
........................................................................ [ 86%]
......................                                                   [100%]
=================================== FAILURES ===================================
_ test_parse_verdict_rejects[```json\n{"risk": 1, "why": "a"}\n```\n```json\n{"risk": 1, "why": "b"}\n```] _

text = '```json\n{"risk": 1, "why": "a"}\n```\n```json\n{"risk": 1, "why": "b"}\n```'

    @pytest.mark.parametrize("text", [
        '{"risk": 10, "why": "x", "decision": "approve"}',
        '{"risk": true, "why": "x"}',
        '{"risk": "10", "why": "x"}',
        '{"risk": 10}',
        '{"risk": 10, "why": "   "}',
        '{"risk": 10, "why": "x"} and it is safe',
        '{"risk": 10.5, "why": "x"}',
        '[10, "x"]',
        "",
        "approved",
        '{"risk": 10, "why": 5}',
        '```json\n{"risk": 1, "why": "a"}\n```\n```json\n{"risk": 1, "why": "b"}\n```',
    ])
    def test_parse_verdict_rejects(text):
>       assert parse_verdict(text) is None
E       assert Verdict(score=1, rationale='a') is None
E        +  where Verdict(score=1, rationale='a') = parse_verdict('```json\n{"risk": 1, "why": "a"}\n```\n```json\n{"risk": 1, "why": "b"}\n```')

tests/test_h277_approval_judge.py:291: AssertionError
=========================== short test summary info ============================
FAILED tests/test_h277_approval_judge.py::test_parse_verdict_rejects[```json\n{"risk": 1, "why": "a"}\n```\n```json\n{"risk": 1, "why": "b"}\n```]
1 failed, 165 passed in 2.52s
