COMMAND ["/Users/andrei649/Projects/nerva-hub/.venv/bin/python3.12", "-B", "-m", "pytest", "tests/test_h277_model_roles.py", "tests/test_vlm_h13_1.py", "tests/test_composer_vision.py", "tests/test_screen_reflex_route.py"]
........................................................................ [ 45%]
.....................F.................................................. [ 90%]
...............                                                          [100%]
=================================== FAILURES ===================================
________ test_the_legacy_vlm_key_never_goes_to_a_foreign_role_base_url _________

monkeypatch = <_pytest.monkeypatch.MonkeyPatch object at 0x10c2a3470>

    def test_the_legacy_vlm_key_never_goes_to_a_foreign_role_base_url(monkeypatch):
        monkeypatch.setenv("JARVIS_VLM_URL", "https://a.example/v1")
        monkeypatch.setenv("JARVIS_VLM_KEY", "sk-vision-a")
        monkeypatch.setenv("JARVIS_ROLE_VISION_BASE_URL", "https://b.example/v1")
        config = resolve_vlm_config()
>       assert config.base_url == "https://b.example/v1" and config.api_key == ""
E       AssertionError: assert ('https://a.example/v1' == 'https://b.example/v1'
E         
E         - https://b.example/v1
E         ?         ^
E         + https://a.example/v1
E         ?         ^)

tests/test_h277_model_roles.py:489: AssertionError
=============================== warnings summary ===============================
../../../../../../../Users/andrei649/Projects/nerva-hub/.venv/lib/python3.12/site-packages/fastapi/testclient.py:1
  /Users/andrei649/Projects/nerva-hub/.venv/lib/python3.12/site-packages/fastapi/testclient.py:1: StarletteDeprecationWarning: Using `httpx` with `starlette.testclient` is deprecated; install `httpx2` instead.
    from starlette.testclient import TestClient as TestClient  # noqa

-- Docs: https://docs.pytest.org/en/stable/how-to/capture-warnings.html
=========================== short test summary info ============================
FAILED tests/test_h277_model_roles.py::test_the_legacy_vlm_key_never_goes_to_a_foreign_role_base_url
1 failed, 158 passed, 1 warning in 2.45s
