command: ["/tmp/nerva-pr-python-20261001/bin/python", "-m", "pytest", "tests/test_h277_video_analysis.py", "tests/test_h277_video_boundaries.py", "tests/test_h277_video_candidate_consent.py", "tests/test_h277_video_failures.py", "tests/test_h277_video_fallback.py", "tests/test_h277_video_gemini.py", "tests/test_h277_video_native.py", "tests/test_h277_video_provider_chain.py", "tests/test_h277_video_retry.py", "tests/test_h277_video_routes.py", "tests/test_h277_model_roles.py", "tests/test_h277_role_routes.py", "tests/test_h513_data_handling.py", "tests/test_task_mediation_evidence.py", "tests/test_image_mediation_composition.py", "tests/test_cloud_image_tool.py", "-p", "no:cacheprovider", "--tb=short", "--junitxml=/Users/andrei649/Projects/nerva-pr-worktrees/integration/.superpowers/sdd/2026-10-02-h277-video-retry/mutations/10_parser_small_budget.xml"]
cwd: /private/tmp/nerva-h277-video-mutations-b8svo6q7
PYTHONDONTWRITEBYTECODE=1

........................................................................ [  9%]
........................................................................ [ 19%]
........................................................................ [ 28%]
.......................................................................F [ 38%]
.............................F.......................................... [ 47%]
........................................................................ [ 57%]
........................................................................ [ 66%]
........................................................................ [ 76%]
........................................................................ [ 85%]
........................................................................ [ 95%]
...................................                                      [100%]
=================================== FAILURES ===================================
________________ test_retry_setting_refuses_ambiguous_values[2] ________________
tests/test_h277_video_retry.py:32: in test_retry_setting_refuses_ambiguous_values
    with pytest.raises(VideoRetryConfigError) as exc:
         ^^^^^^^^^^^^^^^^^^^^^^^^^^^^^^^^^^^^
E   Failed: DID NOT RAISE VideoRetryConfigError
___________ test_invalid_retry_setting_refuses_proposal_before_send ____________
tests/test_h277_video_retry.py:338: in test_invalid_retry_setting_refuses_proposal_before_send
    assert proposal["reason"] != "approval_required"
E   AssertionError: assert 'approval_required' != 'approval_required'
=============================== warnings summary ===============================
../../../tmp/nerva-pr-python-20261001/lib/python3.12/site-packages/fastapi/testclient.py:1
  /tmp/nerva-pr-python-20261001/lib/python3.12/site-packages/fastapi/testclient.py:1: StarletteDeprecationWarning: Using `httpx` with `starlette.testclient` is deprecated; install `httpx2` instead.
    from starlette.testclient import TestClient as TestClient  # noqa

-- Docs: https://docs.pytest.org/en/stable/how-to/capture-warnings.html
=========================== short test summary info ============================
FAILED tests/test_h277_video_retry.py::test_retry_setting_refuses_ambiguous_values[2]
FAILED tests/test_h277_video_retry.py::test_invalid_retry_setting_refuses_proposal_before_send
2 failed, 753 passed, 1 warning in 16.96s
