command: ["/tmp/nerva-pr-python-20261001/bin/python", "-m", "pytest", "tests/test_h277_video_analysis.py", "tests/test_h277_video_boundaries.py", "tests/test_h277_video_candidate_consent.py", "tests/test_h277_video_failures.py", "tests/test_h277_video_fallback.py", "tests/test_h277_video_gemini.py", "tests/test_h277_video_native.py", "tests/test_h277_video_provider_chain.py", "tests/test_h277_video_retry.py", "tests/test_h277_video_routes.py", "tests/test_h277_model_roles.py", "tests/test_h277_role_routes.py", "tests/test_h513_data_handling.py", "tests/test_task_mediation_evidence.py", "tests/test_image_mediation_composition.py", "tests/test_cloud_image_tool.py", "-p", "no:cacheprovider", "--tb=short", "--junitxml=/Users/andrei649/Projects/nerva-pr-worktrees/integration/.superpowers/sdd/2026-10-02-h277-video-retry/mutations/baseline.xml"]
cwd: /private/tmp/nerva-h277-video-mutations-b8svo6q7
PYTHONDONTWRITEBYTECODE=1

........................................................................ [  9%]
........................................................................ [ 19%]
........................................................................ [ 28%]
........................................................................ [ 38%]
........................................................................ [ 47%]
........................................................................ [ 57%]
........................................................................ [ 66%]
........................................................................ [ 76%]
........................................................................ [ 85%]
........................................................................ [ 95%]
...................................                                      [100%]
=============================== warnings summary ===============================
../../../tmp/nerva-pr-python-20261001/lib/python3.12/site-packages/fastapi/testclient.py:1
  /tmp/nerva-pr-python-20261001/lib/python3.12/site-packages/fastapi/testclient.py:1: StarletteDeprecationWarning: Using `httpx` with `starlette.testclient` is deprecated; install `httpx2` instead.
    from starlette.testclient import TestClient as TestClient  # noqa

-- Docs: https://docs.pytest.org/en/stable/how-to/capture-warnings.html
755 passed, 1 warning in 16.82s
